
  .   ____          _            __ _ _
 /\\ / ___'_ __ _ _(_)_ __  __ _ \ \ \ \
( ( )\___ | '_ | '_| | '_ \/ _` | \ \ \ \
 \\/  ___)| |_)| | | | | || (_| |  ) ) ) )
  '  |____| .__|_| |_|_| |_\__, | / / / /
 =========|_|==============|___/=/_/_/_/

 :: Spring Boot ::                (v4.1.1)

2026-09-20T14:17:58.897-03:00  INFO 12964 --- [productos-service] [           main] c.d.p.p.ProductosServiceApplication      : Starting ProductosServiceApplication using Java 21.0.6 with PID 12964 (C:\Users\milla\OneDrive\Documentos\GitHub\pedidos360\services\productos-service\target\classes started by milla in C:\Users\milla\OneDrive\Documentos\GitHub\pedidos360\services\productos-service)
2026-09-20T14:17:58.900-03:00  INFO 12964 --- [productos-service] [           main] c.d.p.p.ProductosServiceApplication      : No active profile set, falling back to 1 default profile: "default"
2026-09-20T14:17:59.616-03:00  INFO 12964 --- [productos-service] [           main] .s.d.r.c.RepositoryConfigurationDelegate : Bootstrapping Spring Data JPA repositories in DEFAULT mode.
2026-09-20T14:17:59.680-03:00  INFO 12964 --- [productos-service] [           main] .s.d.r.c.RepositoryConfigurationDelegate : Finished Spring Data repository scanning in 57 ms. Found 1 JPA repository interface.
2026-09-20T14:18:00.212-03:00  INFO 12964 --- [productos-service] [           main] o.s.boot.tomcat.TomcatWebServer          : Tomcat initialized with port 8082 (http)
2026-09-20T14:18:00.231-03:00  INFO 12964 --- [productos-service] [           main] o.apache.catalina.core.StandardService   : Starting service [Tomcat]
2026-09-20T14:18:00.232-03:00  INFO 12964 --- [productos-service] [           main] o.apache.catalina.core.StandardEngine    : Starting Servlet engine: [Apache Tomcat/11.0.24]
2026-09-20T14:18:00.301-03:00  INFO 12964 --- [productos-service] [           main] b.w.c.s.WebApplicationContextInitializer : Root WebApplicationContext: initialization completed in 1350 ms
2026-09-20T14:18:00.566-03:00  INFO 12964 --- [productos-service] [           main] org.hibernate.orm.jpa                    : HHH008540: Processing PersistenceUnitInfo [name: default]
2026-09-20T14:18:00.626-03:00  INFO 12964 --- [productos-service] [           main] org.hibernate.orm.core                   : HHH000001: Hibernate ORM core version 7.4.5.Final
2026-09-20T14:18:01.103-03:00  INFO 12964 --- [productos-service] [           main] o.s.o.j.p.SpringPersistenceUnitInfo      : No LoadTimeWeaver setup: ignoring JPA class transformer
2026-09-20T14:18:01.137-03:00  INFO 12964 --- [productos-service] [           main] com.zaxxer.hikari.HikariDataSource       : HikariPool-1 - Starting...
2026-09-20T14:18:01.306-03:00  INFO 12964 --- [productos-service] [           main] com.zaxxer.hikari.pool.HikariPool        : HikariPool-1 - Added connection org.postgresql.jdbc.PgConnection@41bdaa81
2026-09-20T14:18:01.308-03:00  INFO 12964 --- [productos-service] [           main] com.zaxxer.hikari.HikariDataSource       : HikariPool-1 - Start completed.
2026-09-20T14:18:01.395-03:00  INFO 12964 --- [productos-service] [           main] org.hibernate.orm.connections.pooling    : HHH10001005: Database info:
	Database JDBC URL [jdbc:postgresql://localhost:5434/pedidos360]
	Database driver: PostgreSQL JDBC Driver
	Database dialect: PostgreSQLDialect
	Database version: 16.14
	Default catalog/schema: pedidos360/public
	Autocommit mode: undefined/unknown
	Isolation level: READ_COMMITTED [default READ_COMMITTED]
	JDBC fetch size: none
	Pool: DataSourceConnectionProvider
	Minimum pool size: undefined/unknown
	Maximum pool size: undefined/unknown
2026-09-20T14:18:02.394-03:00  INFO 12964 --- [productos-service] [           main] org.hibernate.orm.core                   : HHH000489: No JTA platform available (set 'hibernate.transaction.jta.platform' to enable JTA platform integration)
2026-09-20T14:18:02.471-03:00  WARN 12964 --- [productos-service] [           main] org.hibernate.orm.jdbc.warn              : HHH000247: ErrorCode: 0, SQLState: 00000
2026-09-20T14:18:02.472-03:00  WARN 12964 --- [productos-service] [           main] org.hibernate.orm.jdbc.warn              : constraint "uk8bwvjlh8b1xi4cc4ar819q61y" of relation "productos" does not exist, skipping
2026-09-20T14:18:02.477-03:00  INFO 12964 --- [productos-service] [           main] j.LocalContainerEntityManagerFactoryBean : Initialized JPA EntityManagerFactory for persistence unit 'default'
2026-09-20T14:18:02.567-03:00  INFO 12964 --- [productos-service] [           main] o.s.d.j.r.query.QueryEnhancerFactories   : Hibernate is in classpath; If applicable, HQL parser will be used.
2026-09-20T14:18:03.339-03:00  INFO 12964 --- [productos-service] [           main] o.s.b.a.e.web.EndpointLinksResolver      : Exposing 1 endpoint beneath base path '/actuator'
2026-09-20T14:18:03.431-03:00  INFO 12964 --- [productos-service] [           main] o.s.boot.tomcat.TomcatWebServer          : Tomcat started on port 8082 (http) with context path '/'
2026-09-20T14:18:03.440-03:00  INFO 12964 --- [productos-service] [           main] c.d.p.p.ProductosServiceApplication      : Started ProductosServiceApplication in 4.991 seconds (process running for 5.392)
2026-09-20T14:18:04.300-03:00  INFO 12964 --- [productos-service] [nio-8082-exec-1] o.a.c.c.C.[Tomcat].[localhost].[/]       : Initializing Spring DispatcherServlet 'dispatcherServlet'
2026-09-20T14:18:04.300-03:00  INFO 12964 --- [productos-service] [nio-8082-exec-1] o.s.web.servlet.DispatcherServlet        : Initializing Servlet 'dispatcherServlet'
2026-09-20T14:18:04.303-03:00  INFO 12964 --- [productos-service] [nio-8082-exec-1] o.s.web.servlet.DispatcherServlet        : Completed initialization in 3 ms
2026-09-20T14:26:01.293-03:00  WARN 12964 --- [productos-service] [l-1:housekeeper] com.zaxxer.hikari.pool.HikariPool        : HikariPool-1 - Thread starvation or clock leap detected (housekeeper delta=1m29s783ms397µs900ns).
